{
  "status": "PARTIAL",
  "summaries": [
    {
      "weather": "KFQD",
      "n": 1251,
      "PUE_mean": 1.2612452755966646,
      "WUE_mean": 1.8414056560403977,
      "corr_PUE_vs_tdb": -0.20555230451104822,
      "corr_PUE_vs_twb": 0.22783506711041404,
      "corr_WUE_vs_twb": 0.1787152097067772,
      "target_n": 1251,
      "matched_timestamp_coverage": 1.0,
      "timestamp_set_sha256": "3456a8c519da1212310083b87dcc7f9fd2b0a834502284cc5c4a9af01e2cd65e",
      "evidence_class": "TRANSFERRED_MODEL",
      "not_fc_pue_validation": true,
      "not_fc_wue_validation": true,
      "not_cooling_water_magnitude_validation": true
    },
    {
      "weather": "KRDM",
      "n": 1251,
      "PUE_mean": 1.1368745435564376,
      "WUE_mean": 0.282140492039992,
      "corr_PUE_vs_tdb": 0.5235720246531989,
      "corr_PUE_vs_twb": 0.4334529427852316,
      "corr_WUE_vs_twb": 0.43195836145003746,
      "target_n": 1251,
      "matched_timestamp_coverage": 1.0,
      "timestamp_set_sha256": "3456a8c519da1212310083b87dcc7f9fd2b0a834502284cc5c4a9af01e2cd65e",
      "evidence_class": "TRANSFERRED_MODEL",
      "not_fc_pue_validation": true,
      "not_fc_wue_validation": true,
      "not_cooling_water_magnitude_validation": true
    },
    {
      "weather": "KEHO",
      "n": 1093,
      "PUE_mean": 1.2364243756962354,
      "WUE_mean": 1.554404182826778,
      "corr_PUE_vs_tdb": -0.31535690654459503,
      "corr_PUE_vs_twb": 0.14685065315031826,
      "corr_WUE_vs_twb": 0.11661191274069886,
      "target_n": 1251,
      "matched_timestamp_coverage": 0.873701039168665,
      "timestamp_set_sha256": "dc3372941b6dee2abe4aecf93b102ddc981504e541a16912175dbc751d687a5d",
      "evidence_class": "TRANSFERRED_MODEL",
      "not_fc_pue_validation": true,
      "not_fc_wue_validation": true,
      "not_cooling_water_magnitude_validation": true
    },
    {
      "weather": "KGSP",
      "n": 1251,
      "PUE_mean": 1.247780499670283,
      "WUE_mean": 1.6671356126438253,
      "corr_PUE_vs_tdb": -0.12462811791102793,
      "corr_PUE_vs_twb": 0.2596340374222012,
      "corr_WUE_vs_twb": 0.2288839720816406,
      "target_n": 1251,
      "matched_timestamp_coverage": 1.0,
      "timestamp_set_sha256": "3456a8c519da1212310083b87dcc7f9fd2b0a834502284cc5c4a9af01e2cd65e",
      "evidence_class": "TRANSFERRED_MODEL",
      "not_fc_pue_validation": true,
      "not_fc_wue_validation": true,
      "not_cooling_water_magnitude_validation": true
    }
  ]
}

